Hello World
 be is : ~b1|b2
bd = Ite b2 b3 b4
bd  (b2&b3)|(~b2&b4)
bdN is: ~((b2&b3)|(~b2&b4))
Bdd true prints as: True
Bdd false prints as: False
t is bddTrue 
Just True Just False Just False Just True Just False Just False 
test bddIsConst 
Just True Just False Nothing Nothing 
Truth table for bddAndList b1 b2 b5 b1&b2&b5
Print MinTerms: 
11--1----  1

bC is:  b1|b2|b5
bD is:  ~(~b1|(b2&b3)|(~b2&b4))
c13:  True
c13:  False
c13:  True
c13:  True
c13:  False
c13:  False
c13:  False
c13:  False
c4:  True
c4:  False
c4:  True
c4:  True
ule  ~(b1&b2&b3)
Print MinTerms: 
0--------  1
10-------  1
110------  1
ult  ~(b1&b2&(b3|b4))
Print MinTerms: 
0--------  1
10-------  1
1100-----  1
slt  ~((b1&(b2&(b3&(b4&b5)|(~b4&~(~b5|b6&b7&b8)))|(~b3&~((b4&~b5|b6&b7)|(~b4&(~b5|b6&(b7|b8))))))|(~b2&~((b3&(b4&~b5|b6)|(~b4&(~b5|b6|(b7&b8))))|(~b3&((b4&~b5|b6|b7)|(~b4&(~b5|b6|b7|b8)))))))|(~b1&((b2&(b3&b4|b5|(~(b6&b7&b8)))|(~b3&((b4&b5|(~(b6&b7)))|(~b4&(b5|(~(b6&(b7|b8))))))))|(~b2&((b3&(b4&b5|(~b6))|(~b4&(b5|(~(b6|(b7&b8))))))|(~b3&((b4&b5|(~(b6|b7)))|(~b4&(b5|(~(b6|b7|b8)))))))))))
Print MinTerms: 
00000001-  1
0000001--  1
000001---  1
0001001--  1
000101---  1
00100011-  1
001001---  1
001101---  1
01000101-  1
0100011--  1
0101011--  1
01100111-  1
10000----  1
10001001-  1
1000101--  1
100011---  1
10010----  1
1001101--  1
100111---  1
10100----  1
10101011-  1
101011---  1
10110----  1
101111---  1
11000----  1
11001101-  1
1100111--  1
11010----  1
1101111--  1
11100----  1
11101111-  1
11110----  1
sle  (b1&(b2&(b3&(b4&~b5|b6&b7&b8)|(~b4&(~b5|b6&b7)))|(~b3&((b4&~b5|b6&(b7|b8))|(~b4&(~b5|b6)))))|(~b2&((b3&(b4&~b5|b6|(b7&b8))|(~b4&(~b5|b6|b7)))|(~b3&(~b4|~b5|b6|b7|b8)))))|(~b1&~((b2&(b3&(b4&b5|(~(b6&b7&b8)))|(~b4&(b5|(~(b6&b7)))))|(~b3&((b4&b5|(~(b6&(b7|b8))))|(~b4&(b5|(~b6))))))|(~b2&((b3&(b4&b5|(~(b6|(b7&b8))))|(~b4&(b5|(~(b6|b7)))))|(~b3&((b4&b5|(~(b6|b7|b8)))|(~b4&b5)))))))
Print MinTerms: 
00000----  1
00010001-  1
0001001--  1
000101---  1
0010001--  1
001001---  1
00110011-  1
001101---  1
010001---  1
01010101-  1
0101011--  1
0110011--  1
01110111-  1
1000-----  1
10010----  1
10011001-  1
1001101--  1
100111---  1
10100----  1
1010101--  1
101011---  1
10110----  1
10111011-  1
101111---  1
11000----  1
110011---  1
11010----  1
11011101-  1
1101111--  1
11100----  1
1110111--  1
11110----  1
11111111-  1
v1 - v2  is:
Print MinTerms: 
---0---1-  1
---1---0-  1
Print MinTerms: 
--00--01-  1
--00--10-  1
--01--1--  1
--10--00-  1
--10--11-  1
--11--0--  1
Print MinTerms: 
-000-001-  1
-000-01--  1
-000-100-  1
-001-01--  1
-001-10--  1
-010-011-  1
-010-10--  1
-010-110-  1
-011-1---  1
-100-000-  1
-100-101-  1
-100-11--  1
-101-00--  1
-101-11--  1
-110-00--  1
-110-010-  1
-110-111-  1
-111-0---  1
Print MinTerms: 
00000001-  1
0000001--  1
000001---  1
00001000-  1
0001001--  1
000101---  1
0001100--  1
00100011-  1
001001---  1
0010100--  1
00101010-  1
001101---  1
001110---  1
01000101-  1
0100011--  1
010010---  1
01001100-  1
0101011--  1
010110---  1
0101110--  1
01100111-  1
011010---  1
0110110--  1
01101110-  1
01111----  1
10000000-  1
10001001-  1
1000101--  1
100011---  1
1001000--  1
1001101--  1
100111---  1
1010000--  1
10100010-  1
10101011-  1
101011---  1
101100---  1
101111---  1
110000---  1
11000100-  1
11001101-  1
1100111--  1
110100---  1
1101010--  1
1101111--  1
111000---  1
1110010--  1
11100110-  1
11101111-  1
11110----  1
v1 - v2 > 0 is:
Print MinTerms: 
c is ac is bc is cc is dc is etestout isStart
Start a
Start a b
Start a b c
Start a b c d
Start a b c d e

foo2 isStart
Start a
Start a b
Start a b c
Start a b c d
Start a b c d e

addv1C4 
~b4
Print MinTerms: 
---0-----  1
~((b3&b4)|(~b3&~b4))
Print MinTerms: 
--01-----  1
--10-----  1
(b2&b3&b4)|(~b2&~(b3&b4))
Print MinTerms: 
-00------  1
-010-----  1
-111-----  1
(b1&b2|(b3&b4))|(~b1&~(b2|(b3&b4)))
Print MinTerms: 
000------  1
0010-----  1
1011-----  1
11-------  1
End addv1C4 
subv1C4 
~b4
Print MinTerms: 
---0-----  1
(b3&b4)|(~b3&~b4)
Print MinTerms: 
--00-----  1
--11-----  1
~((b2&b3|b4)|(~b2&~(b3|b4)))
Print MinTerms: 
-001-----  1
-01------  1
-100-----  1
~((b1&b2&(b3|b4))|(~b1&~(b2&(b3|b4))))
Print MinTerms: 
0101-----  1
011------  1
10-------  1
1100-----  1
End subv1C4 
biIMplication be bd is (False,False)
biIMplication bd be is (False,False)
biIMplication bd bd is (True,True)
biIMplication b1 b2 is (False,False)
biIMplication bB bC is (True,False)
biIMplication bC bB is (False,True)
biIMplication b1 be is (False,False)
biIMplication b2 be is (True,False)
End of Bdd op


Valid board positions
Print MinTerms: 
0000000100010000100000000010000000000100010000000000001000001000  1
0000000100100000100000000000010001000000000010000000001000010000  1
0000000101000000000010000010000010000000000000100001000000000100  1
0000000101000000000100001000000000000010000010000010000000000100  1
0000001000001000001000001000000000000100000000010100000000010000  1
0000001000010000010000000000000100000100100000000010000000001000  1
0000001000010000010000000000100000000001100000000010000000000100  1
0000001000100000000000010100000000001000100000000000010000010000  1
0000001000100000100000000000010000000001000010000100000000010000  1
0000001001000000000001000010000010000000000100000000000100001000  1
0000001001000000000100001000000000000001000010000010000000000100  1
0000001010000000001000000000000100000100000100000100000000001000  1
0000010000000001010000000001000010000000000000100000100000100000  1
0000010000010000000000101000000000000001010000000000100000100000  1
0000010000010000000000101000000000100000000010000100000000000001  1
0000010000010000010000000000000100001000000000101000000000100000  1
0000010000010000100000000000100000000001010000000000001000100000  1
0000010000100000000000100001000010000000000000010100000000001000  1
0000010000100000000000100100000000000001000010001000000000010000  1
0000010000100000000000100100000000010000000000011000000000001000  1
0000010000100000000010000000000110000000000100000100000000000010  1
0000010000100000000010000000001010000000000100000100000000000001  1
0000010000100000100000000000000100001000010000000001000000000010  1
0000010000100000100000000000000100010000010000000000001000001000  1
0000010000100000100000000000001000001000000000010100000000010000  1
0000010001000000000000101000000000010000000000010000100000100000  1
0000010001000000000000101000000000100000000010000000000100010000  1
0000010010000000000010000100000000000001001000000000001000010000  1
0000100000000001000100001000000000000010010000000000010000100000  1
0000100000000001000100001000000000100000000001000100000000000010  1
0000100000000010000100001000000000100000000000010000010001000000  1
0000100000000010010000000000010000100000100000000000000100010000  1
0000100000000010010000000000010000100000100000000001000000000001  1
0000100000000010010000000001000000000001100000000010000000000100  1
0000100000000010100000000001000001000000000000010000010000100000  1
0000100000000010100000000010000000000001000001000001000001000000  1
0000100000100000000000010001000000000010100000000000010001000000  1
0000100000100000100000000000001001000000000000010000010000010000  1
0000100000100000100000000000010000000001010000000001000000000010  1
0000100001000000000000011000000000010000000000100010000000000100  1
0000100001000000000001001000000000000010000100000000000100100000  1
0000100001000000000100000000001000100000000000010000010010000000  1
0000100001000000000100000000010000000001001000001000000000000010  1
0000100010000000000000010000010000100000000000100100000000010000  1
0000100010000000000000010001000001000000000000100010000000000100  1
0000100010000000000100000000010000000001010000000000001000100000  1
0001000000000001000010000010000010000000000000100100000000000100  1
0001000000000001100000000000100000000010010000000000010000100000  1
0001000000000001100000000010000000000100010000000000001000001000  1
0001000000000010000010000010000010000000000001000000000101000000  1
0001000000000010000010000100000000000100100000000010000000000001  1
0001000000000010001000000000000101000000000010001000000000000100  1
0001000000000010100000000000000100001000010000000000010000100000  1
0001000000000100000000010010000010000000000000100000100001000000  1
0001000000000100000000010100000000000010100000000010000000001000  1
0001000000000100100000000000100001000000000000010010000000000010  1
0001000001000000000000010000010010000000001000000000100000000010  1
0001000001000000000000010000100000000010100000000010000000000100  1
0001000001000000000000100000100010000000000000010000010000100000  1
0001000001000000000000100010000000000100000000010000100010000000  1
0001000001000000000000100010000000000100000000011000000000001000  1
0001000001000000000010000000000100000100100000000010000000000010  1
0001000010000000000010000000000100000100001000000000001001000000  1
0001000010000000000010000000000101000000000000100010000000000100  1
0010000000000001000100000000001010000000000001000100000000001000  1
0010000000000010010000000000000100000100000100001000000000001000  1
0010000000000010010000000000000100001000100000000001000000000100  1
0010000000000100000000010100000000010000100000000000001000001000  1
0010000000000100000000011000000000001000000000100100000000010000  1
0010000000000100000000011000000000010000000000100000100001000000  1
0010000000000100000100000100000000000001000010000000001010000000  1
0010000000000100000100001000000000000001000010000000001001000000  1
0010000000000100010000000000001000001000100000000000000100010000  1
0010000000000100010000000000001010000000000100000000000100001000  1
0010000000000100010000000000100000000001100000000000001000010000  1
0010000000001000000000010001000010000000000000100100000000000100  1
0010000000001000000000101000000000010000010000000000000100000100  1
0010000000001000010000000000000100000100000100000000001010000000  1
0010000000001000010000000000000110000000000000100001000000000100  1
0010000010000000000000100000100000000001010000000001000000000100  1
0100000000000001000001001000000000100000000010000000001000010000  1
0100000000000010000010000000000110000000000100000000010000100000  1
0100000000000010001000000000010000000001000010001000000000010000  1
0100000000000100000000010010000010000000000100000000001000001000  1
0100000000000100100000000000001000010000000000010010000000001000  1
0100000000001000000000100001000010000000000000010000010000100000  1
0100000000001000000000101000000000100000000000010000010000010000  1
0100000000010000000001000000000100100000100000000000001000001000  1
1000000000000010000010000000000101000000000100000000010000100000  1
1000000000000010000100000000010000000001010000000000100000100000  1
1000000000000100000000010010000000000010000100000100000000001000  1
1000000000001000000000010000010000100000000000100100000000010000  1
For n Queens (n=8) Number of solutions is 92.0
Good Bye World
